--- Gemini Connectivity Test ---
API Key present: true
Key length: 39
Attempting to generate content for: 'Explain quantum physics in 1 sentence'
node : 
At line:1 char:1
+ node test-gemini.js 
> test-log.txt 2>&1
+ ~~~~~~~~~~~~~~~~~~~~
~~~~~~~~~~~~~~~~~~~
    + CategoryInfo    
          : NotSpeci  
  fied: (:String) [   
 ], RemoteExceptio    
n
    + FullyQualifiedE 
   rrorId : NativeCo  
  mmandError
 
Γ¥î Test Failed!
Error Name: Error
Error Message: 
[GoogleGenerativeAI 
Error]: Error 
fetching from https://
generativelanguage.goo
gleapis.com/v1beta/mod
els/gemini-1.5-flash:g
enerateContent: [404 
Not Found] models/gemi
ni-1.5-flash is not 
found for API version 
v1beta, or is not 
supported for 
generateContent. Call 
ListModels to see the 
list of available 
models and their 
supported methods.
